[INFO] Scanning for projects...
[INFO] 
[INFO] --------------------------< com.example:demo >--------------------------
[INFO] Building demo 0.0.1-SNAPSHOT
[INFO]   from pom.xml
[INFO] --------------------------------[ jar ]---------------------------------
[INFO] 
[INFO] --- resources:3.3.1:resources (default-resources) @ demo ---
[INFO] Copying 2 resources from src\main\resources to target\classes
[INFO] Copying 1 resource from src\main\resources to target\classes
[INFO] 
[INFO] --- compiler:3.14.1:compile (default-compile) @ demo ---
[INFO] Recompiling the module because of changed source code.
[INFO] Compiling 106 source files with javac [debug parameters release 17] to target\classes
[INFO] /D:/pro/E-doctorat/src/main/java/com/example/demo/config/ApplicationConfig.java: D:\pro\E-doctorat\src\main\java\com\example\demo\config\ApplicationConfig.java uses or overrides a deprecated API.
[INFO] /D:/pro/E-doctorat/src/main/java/com/example/demo/config/ApplicationConfig.java: Recompile with -Xlint:deprecation for details.
[INFO] -------------------------------------------------------------
[WARNING] COMPILATION WARNING : 
[INFO] -------------------------------------------------------------
[WARNING] /D:/pro/E-doctorat/src/main/java/com/example/demo/security/user/UserAccount.java:[48,23] @Builder will ignore the initializing expression entirely. If you want the initializing expression to serve as default, add @Builder.Default. If it is not supposed to be settable during building, make the field final.
[INFO] 1 warning
[INFO] -------------------------------------------------------------
[INFO] -------------------------------------------------------------
[ERROR] COMPILATION ERROR : 
[INFO] -------------------------------------------------------------
[ERROR] /D:/pro/E-doctorat/src/main/java/com/example/demo/directeur/pole/service/DirecteurPoleServiceImpl.java:[164,30] cannot find symbol
  symbol:   method getNom()
  location: class com.example.demo.professeur.model.ProfesseurModel
[ERROR] /D:/pro/E-doctorat/src/main/java/com/example/demo/directeur/pole/service/DirecteurPoleServiceImpl.java:[164,65] cannot find symbol
  symbol:   method getPrenom()
  location: class com.example.demo.professeur.model.ProfesseurModel
[ERROR] /D:/pro/E-doctorat/src/main/java/com/example/demo/directeur/pole/service/DirecteurPoleServiceImpl.java:[179,28] cannot find symbol
  symbol:   method getNom()
  location: class com.example.demo.candidat.model.Candidat
[ERROR] /D:/pro/E-doctorat/src/main/java/com/example/demo/directeur/pole/service/DirecteurPoleServiceImpl.java:[179,61] cannot find symbol
  symbol:   method getPrenom()
  location: class com.example.demo.candidat.model.Candidat
[INFO] 4 errors 
[INFO] -------------------------------------------------------------
[INFO] ------------------------------------------------------------------------
[INFO] BUILD FAILURE
[INFO] ------------------------------------------------------------------------
[INFO] Total time:  11.389 s
[INFO] Finished at: 2026-01-21T21:04:51+01:00
[INFO] ------------------------------------------------------------------------
[ERROR] Failed to execute goal org.apache.maven.plugins:maven-compiler-plugin:3.14.1:compile (default-compile) on project demo: Compilation failure: Compilation failure: 
[ERROR] /D:/pro/E-doctorat/src/main/java/com/example/demo/directeur/pole/service/DirecteurPoleServiceImpl.java:[164,30] cannot find symbol
[ERROR]   symbol:   method getNom()
[ERROR]   location: class com.example.demo.professeur.model.ProfesseurModel
[ERROR] /D:/pro/E-doctorat/src/main/java/com/example/demo/directeur/pole/service/DirecteurPoleServiceImpl.java:[164,65] cannot find symbol
[ERROR]   symbol:   method getPrenom()
[ERROR]   location: class com.example.demo.professeur.model.ProfesseurModel
[ERROR] /D:/pro/E-doctorat/src/main/java/com/example/demo/directeur/pole/service/DirecteurPoleServiceImpl.java:[179,28] cannot find symbol
[ERROR]   symbol:   method getNom()
[ERROR]   location: class com.example.demo.candidat.model.Candidat
[ERROR] /D:/pro/E-doctorat/src/main/java/com/example/demo/directeur/pole/service/DirecteurPoleServiceImpl.java:[179,61] cannot find symbol
[ERROR]   symbol:   method getPrenom()
[ERROR]   location: class com.example.demo.candidat.model.Candidat
[ERROR] -> [Help 1]
[ERROR] 
[ERROR] To see the full stack trace of the errors, re-run Maven with the -e switch.
[ERROR] Re-run Maven using the -X switch to enable full debug logging.
[ERROR] 
[ERROR] For more information about the errors and possible solutions, please read the following articles:
[ERROR] [Help 1] http://cwiki.apache.org/confluence/display/MAVEN/MojoFailureException
